touch file1
user@rishi:~$ mv file1
mv: missing destination file operand after 'file1'
Try 'mv --help' for more information.
user@rishi:~$ grep -o "unix" geekfile.txt
grep: geekfile.txt: No such file or directory
\user@rishi:~$ \
> unix

Command 'unix' not found, did you mean:

  command 'uniq' from deb coreutils (8.30-3ubuntu2)
  command 'uni' from deb uniconf-tools (4.6.1-14build1)

Try: sudo apt install <deb name>

user@rishi:~$ grep -o "unix" grepfile.txt
grep: grepfile.txt: No such file or directory
user@rishi:~$ touch grep
user@rishi:~$ cat>grep
welcome to ubuntu 
linux
unix
rgukt 
basar
user@rishi:~$ grep "unix" grepfile.txt
grep: grepfile.txt: No such file or directory
user@rishi:~$ grep "unix" grep.txt
grep: grep.txt: No such file or directory
user@rishi:~$ rm grep
user@rishi:~$ touch grepfile.txt
user@rishi:~$ cat>grepfile.txt
welcome to ubuntu
linux
unix
user@rishi:~$ grep "unix" grepfile.txt
unix
user@rishi:~$ grep "linux" grepfile.txt
linux
user@rishi:~$ grep "welcome to ubuntu" grepfile.txt
welcome to ubuntu
user@rishi:~$ grep "^unix" grepfile.txt
unix
user@rishi:~$ grep "^welcome to ubuntu" grepfile.txt
welcome to ubuntu
user@rishi:~$ grep -v "unix" grepfile.txt
welcome to ubuntu
linux
user@rishi:~$ grep -v "linux" grepfile.txt
welcome to ubuntu
unix
user@rishi:~$ cat>grepfile.txt
unix is great os.unix is opem source.unix is free operating system.
learning os.
unix and linux which one you choose.
unix is easy to learn.unix is s multiuser operating system.
learn unix and linux is a powerful operating system.
user@rishi:~$ grep -c "unix" grepfile.txt
4
user@rishi:~$ grep -h "unix" grepfile.txt
unix is great os.unix is opem source.unix is free operating system.
unix and linux which one you choose.
unix is easy to learn.unix is s multiuser operating system.
learn unix and linux is a powerful operating system.
user@rishi:~$ grep -l "unix" grepfile.txt
grepfile.txt
user@rishi:~$ grep -n  "unix" grepfile.txt
1:unix is great os.unix is opem source.unix is free operating system.
3:unix and linux which one you choose.
4:unix is easy to learn.unix is s multiuser operating system.
5:learn unix and linux is a powerful operating system.
user@rishi:~$ grep -v  "unix" grepfile.txt
learning os.
user@rishi:~$ grep -e  "unix" grepfile.txt
unix is great os.unix is opem source.unix is free operating system.
unix and linux which one you choose.
unix is easy to learn.unix is s multiuser operating system.
learn unix and linux is a powerful operating system.
user@rishi:~$ grep -e  "linux" grepfile.txt
unix and linux which one you choose.
learn unix and linux is a powerful operating system.
user@rishi:~$ grep -o  "os" grepfile.txt
os
os
os
user@rishi:~$ grep -o  "unix" grepfile.txt
unix
unix
unix
unix
unix
unix
unix
user@rishi:~$ sed 's/os/unix' grepfile.txt
sed: -e expression #1, char 9: unterminated `s' command
user@rishi:~$ sed '/os/unix' grepfile.txt
sed: -e expression #1, char 5: unknown command: `u'
user@rishi:~$ sed 's/os/unix' grepfile.txt
sed: -e expression #1, char 9: unterminated `s' command
user@rishi:~$ sed '-e/os/unix' grepfile.txt
sed: -e expression #1, char 5: unknown command: `u'
user@rishi:~$ sed 's/unix/linux' grepfile.txt
sed: -e expression #1, char 12: unterminated `s' command
user@rishi:~$ cat>sedgrepfile.txt
linux
unix
user@rishi:~$ sed 's/linux/unix/' sgrepfile.txt
sed: can't read sgrepfile.txt: No such file or directory
user@rishi:~$ sed 's/linux/unix/' grepfile.txt
unix is great os.unix is opem source.unix is free operating system.
learning os.
unix and unix which one you choose.
unix is easy to learn.unix is s multiuser operating system.
learn unix and unix is a powerful operating system.
user@rishi:~$ sed 's/os/unix/2' grepfile.txt
unix is great os.unix is opem source.unix is free operating system.
learning os.
unix and linux which one you choose.
unix is easy to learn.unix is s multiuser operating system.
learn unix and linux is a powerful operating system.
user@rishi:~$ touch file1.txt
user@rishi:~$ cat>file1.txt
hello
world
welcome   
to python workshp
user@rishi:~$ sed 's/hello/world/g' file1.txt
world
world
welcome 
to python workshp
user@rishi:~$ sed '2 s/hello/world/2g' file1.txt
hello
world
welcome 
to python workshp
user@rishi:~$ sed '2d' file1.txt
hello
welcome 
to python workshp
user@rishi:~$ sed '1 s/hello/world/1g' file1.txt
world
world
welcome 
to python workshp
user@rishi:~$ sed '3d' file1.txt
hello
world
to python workshp
user@rishi:~$ sed '2,3d' file1.txt
hello
to python workshp
user@rishi:~$ sed '/core/d' file1.txt
hello
world
welcome 
to python workshp
user@rishi:~$ sed '2,$ s/unix/linux/' file1.txt
hello
world
welcome 
to python workshp
user@rishi:~$ sed 's/unix/linux/p' file1.txt
hello
world
welcome 
to python workshp
user@rishi:~$ touch file.txt
user@rishi:~$ rm file
rm: cannot remove 'file': No such file or directory
user@rishi:~$ rm file.txt
user@rishi:~$ touch file2.txt
user@rishi:~$ cat fime2.txt
cat: fime2.txt: No such file or directory
user@rishi:~$ cat file2.txt
user@rishi:~$ cat>file2.txt
rishitha
user@rishi:~$ rm file2.txt
user@rishi:~$ touch file2.txt
user@rishi:~$ cat file2.txt
user@rishi:~$ cat>file2.txt
python
it
operating system
web technologies
design algorithms 
user@rishi:~$ sort file2.txt
design algorithms 
it
operating system
python
web technologies
user@rishi:~$ sort -o "it" file2.txt
user@rishi:~$ sort -o "works" file2.txt
user@rishi:~$ sed '/core/d' file2.txt
python
it
operating system
web technologies
design algorithms 
user@rishi:~$ sort -r file2.txt
web technologies
python
operating system
it
design algorithms 
user@rishi:~$ sort -n file2.txt
design algorithms 
it
operating system
python
web technologies
user@rishi:~$ sort -nr file2.txt
web technologies
python
operating system
it
design algorithms 
user@rishi:~$ sort -k  file2.txt
sort: invalid number at field start: invalid count at start of ‘file2.txt’
user@rishi:~$ sort -k file2.txt
sort: invalid number at field start: invalid count at start of ‘file2.txt’
user@rishi:~$ sort -k file2.txt
sort: invalid number at field start: invalid count at start of ‘file2.txt’
user@rishi:~$ sort -c  file2.txt
sort: file2.txt:2: disorder: it
user@rishi:~$ sort -u  file2.txt
design algorithms 
it
operating system
python
web technologies
user@rishi:~$ sort -M  file2.txt
design algorithms 
it
operating system
python
web technologies
user@rishi:~$ cat>file2
it
design algorithms
user@rishi:~$ sort -u  file2.txt
design algorithms 
it
operating system
python
web technologies
user@rishi:~$ cat>file2
it
design algorithms
user@rishi:~$ sed '/core/d' file2.txt
python
it
operating system
web technologies
design algorithms 
user@rishi:~$ sort -u  file2.txt
design algorithms 
it
operating system
python
web technologies
touch employee.txt
user@rishi:~$ cat>employee.txt
ajay manager account 45000
sunil clerk account 25000
varun manager sales 50000
amit manager account 47000
                            
tarun peon sales 15000
deepak clerk sales 23000
sunil peon sales 13000
user@rishi:~$ awk '/manager/{print}' employee.txt
ajay manager account 45000
varun manager sales 50000
amit manager account 47000
user@rishi:~$ awk'{print $s2,$4}' employee.txt
awk{print $s2,$4}: command not found
user@rishi:~$ awk '{print $s2,$4}' employee.txt
ajay manager account 45000 45000
sunil clerk account 25000 25000
varun manager sales 50000 50000
amit manager account 47000 47000
 
tarun peon sales 15000 15000
deepak clerk sales 23000 23000
sunil peon sales 13000 13000
user@rishi:~$ awk '{print NR,$O}' employee.txt
1 ajay manager account 45000
2 sunil clerk account 25000
3 varun manager sales 50000
4 amit manager account 47000
5 
6 tarun peon sales 15000
7 deepak clerk sales 23000
8 sunil peon sales 13000
user@rishi:~$ awk '{print $s2}' employee.txt
ajay manager account 45000
sunil clerk account 25000
varun manager sales 50000
amit manager account 47000

tarun peon sales 15000
deepak clerk sales 23000
sunil peon sales 13000
user@rishi:~$ awk '{print NR}' employee.txt
1
2
3
4
5
6
7
8




